[iqonic.design/themes/bizbag-html/index.html]
[backblue.gif]
[fade.gif]
[index.html]
[iqonic.design/themes/bizbag-html/images/favicon.ico]
[iqonic.design/themes/bizbag-html/css/bootstrap.min.css]
[iqonic.design/themes/bizbag-html/revsilder/css/settings.css]
[iqonic.design/themes/bizbag-html/css/typography.css]
[iqonic.design/themes/bizbag-html/css/style.css]
[iqonic.design/themes/bizbag-html/css/responsive.css]
[iqonic.design/themes/bizbag-html/images/loader.gif]
[iqonic.design/themes/bizbag-html/images/logo.png]
[iqonic.design/themes/bizbag-html/home-2.html]
[iqonic.design/themes/bizbag-html/home-3.html]
[iqonic.design/themes/bizbag-html/home-4.html]
[iqonic.design/themes/bizbag-html/home-5.html]
[iqonic.design/themes/bizbag-html/about-us-1.html]
[iqonic.design/themes/bizbag-html/about-us-2.html]
[iqonic.design/themes/bizbag-html/our-services-1.html]
[iqonic.design/themes/bizbag-html/our-services-2.html]
[iqonic.design/themes/bizbag-html/our-services-3.html]
[iqonic.design/themes/bizbag-html/our-team-1.html]
[iqonic.design/themes/bizbag-html/our-team-2.html]
[iqonic.design/themes/bizbag-html/our-team-3.html]
[iqonic.design/themes/bizbag-html/team-details.html]
[iqonic.design/themes/bizbag-html/pricing-plan-1.html]
[iqonic.design/themes/bizbag-html/pricing-plan-2.html]
[iqonic.design/themes/bizbag-html/clients-1.html]
[iqonic.design/themes/bizbag-html/clients-2.html]
[iqonic.design/themes/bizbag-html/faq-1.html]
[iqonic.design/themes/bizbag-html/faq-2.html]
[iqonic.design/themes/bizbag-html/404-1.html]
[iqonic.design/themes/bizbag-html/404-2.html]
[iqonic.design/themes/bizbag-html/coming-soon-1.html]
[iqonic.design/themes/bizbag-html/masonry-2-columns.html]
[iqonic.design/themes/bizbag-html/masonry-3-columns.html]
[iqonic.design/themes/bizbag-html/masonry-4-columns.html]
[iqonic.design/themes/bizbag-html/masonry-5-columns.html]
[iqonic.design/themes/bizbag-html/masonry-no-space.html]
[iqonic.design/themes/bizbag-html/one-column-blog.html]
[iqonic.design/themes/bizbag-html/two-column-blog.html]
[iqonic.design/themes/bizbag-html/three-column-blog.html]
[iqonic.design/themes/bizbag-html/left-sidebar-blog.html]
[iqonic.design/themes/bizbag-html/right-sidebar-blog.html]
[iqonic.design/themes/bizbag-html/contact-us-1.html]
[iqonic.design/themes/bizbag-html/contact-us-2.html]
[iqonic.design/themes/bizbag-html/revsilder/assets/transparent.png]
[iqonic.design/themes/bizbag-html/revsilder/assets/p3-1.jpg]
[iqonic.design/themes/bizbag-html/revsilder/assets/p1-7.jpg]
[iqonic.design/themes/bizbag-html/revsilder/assets/p2-1.jpg]
[iqonic.design/themes/bizbag-html/revsilder/assets/01-1.png]
[iqonic.design/themes/bizbag-html/revsilder/assets/p1-1.jpg]
[iqonic.design/themes/bizbag-html/revsilder/assets/07-7.png]
[iqonic.design/themes/bizbag-html/images/about/01.png]
[iqonic.design/themes/bizbag-html/images/effect/01.jpg]
[iqonic.design/themes/bizbag-html/images/effect/02.jpg]
[iqonic.design/themes/bizbag-html/images/effect/03.jpg]
[iqonic.design/themes/bizbag-html/images/features/01.png]
[iqonic.design/themes/bizbag-html/images/features/02.png]
[iqonic.design/themes/bizbag-html/images/features/03.png]
[iqonic.design/themes/bizbag-html/images/project/01.png]
[iqonic.design/themes/bizbag-html/images/choose-us/01.png]
[iqonic.design/themes/bizbag-html/portfolio-details.html]
[iqonic.design/themes/bizbag-html/images/portfolio/04.jpg]
[iqonic.design/themes/bizbag-html/images/portfolio/03.jpg]
[iqonic.design/themes/bizbag-html/images/portfolio/02.jpg]
[iqonic.design/themes/bizbag-html/images/portfolio/06.jpg]
[iqonic.design/themes/bizbag-html/images/portfolio/05.jpg]
[iqonic.design/themes/bizbag-html/images/portfolio/01.jpg]
[iqonic.design/themes/bizbag-html/images/testimonial/01.jpg]
[iqonic.design/themes/bizbag-html/images/testimonial/02.jpg]
[iqonic.design/themes/bizbag-html/images/testimonial/03.jpg]
[iqonic.design/themes/bizbag-html/images/team/01.jpg]
[iqonic.design/themes/bizbag-html/images/team/02.jpg]
[iqonic.design/themes/bizbag-html/images/team/03.jpg]
[iqonic.design/themes/bizbag-html/images/team/04.jpg]
[iqonic.design/themes/bizbag-html/images/blog/01.jpg]
[iqonic.design/themes/bizbag-html/blog-details.html]
[iqonic.design/themes/bizbag-html/images/blog/02.jpg]
[iqonic.design/themes/bizbag-html/images/blog/03.jpg]
[iqonic.design/themes/bizbag-html/images/post/01.jpg]
[iqonic.design/themes/bizbag-html/images/post/02.jpg]
[iqonic.design/themes/bizbag-html/images/post/03.jpg]
[iqonic.design/themes/bizbag-html/js/jquery-1.11.1.min.js]
[iqonic.design/themes/bizbag-html/js/popper.min.js]
[iqonic.design/themes/bizbag-html/js/bootstrap.min.js]
[iqonic.design/themes/bizbag-html/js/appear.js]
[iqonic.design/themes/bizbag-html/js/mega_menu.min.js]
[iqonic.design/themes/bizbag-html/js/countdown.min.js]
[iqonic.design/themes/bizbag-html/js/owl.carousel.min.js]
[iqonic.design/themes/bizbag-html/js/jquery.magnific-popup.min.js]
[iqonic.design/themes/bizbag-html/js/jquery.countTo.js]
[iqonic.design/themes/bizbag-html/js/skrollr.js]
[iqonic.design/themes/bizbag-html/js/isotope.pkgd.min.js]
[iqonic.design/themes/bizbag-html/js/retina.min.js]
[iqonic.design/themes/bizbag-html/revsilder/js/jquery.themepunch.tools.min.js]
[iqonic.design/themes/bizbag-html/revsilder/js/jquery.themepunch.revolution.min.js]
[iqonic.design/themes/bizbag-html/revsilder/js/extensions/revolution.extension.actions.min.js]
[iqonic.design/themes/bizbag-html/revsilder/js/extensions/revolution.extension.carousel.min.js]
[iqonic.design/themes/bizbag-html/revsilder/js/extensions/revolution.extension.kenburn.min.js]
[iqonic.design/themes/bizbag-html/revsilder/js/extensions/revolution.extension.layeranimation.min.js]
[iqonic.design/themes/bizbag-html/revsilder/js/extensions/revolution.extension.migration.min.js]
[iqonic.design/themes/bizbag-html/revsilder/js/extensions/revolution.extension.navigation.min.js]
[iqonic.design/themes/bizbag-html/revsilder/js/extensions/revolution.extension.parallax.min.js]
[iqonic.design/themes/bizbag-html/revsilder/js/extensions/revolution.extension.slideanims.min.js]
[iqonic.design/themes/bizbag-html/revsilder/js/extensions/revolution.extension.video.min.js]
[iqonic.design/themes/bizbag-html/js/custom.js]
[iqonic.design/themes/bizbag-html/index.html]
[iqonic.design/themes/bizbag-html/css/bootstrap.min.css]
[iqonic.design/themes/bizbag-html/revsilder/fonts/revicons/revicons90c6.eot]
[iqonic.design/themes/bizbag-html/revsilder/fonts/revicons/revicons90c6.woff]
[iqonic.design/themes/bizbag-html/revsilder/fonts/revicons/revicons90c6.ttf]
[iqonic.design/themes/bizbag-html/revsilder/fonts/revicons/revicons90c6.svg]
[iqonic.design/themes/bizbag-html/revsilder/css/openhand.html]
[iqonic.design/themes/bizbag-html/revsilder/css/closedhand.html]
[iqonic.design/themes/bizbag-html/revsilder/assets/gridtile.html]
[iqonic.design/themes/bizbag-html/revsilder/assets/gridtile_white.html]
[iqonic.design/themes/bizbag-html/revsilder/assets/gridtile_3x3.html]
[iqonic.design/themes/bizbag-html/revsilder/assets/gridtile_3x3_white.html]
[iqonic.design/themes/bizbag-html/revsilder/assets/coloredbg.html]
[iqonic.design/themes/bizbag-html/revsilder/assets/loader.gif]
[iqonic.design/themes/bizbag-html/revsilder/css/settings.css]
[iqonic.design/themes/bizbag-html/css/all.min.css]
[iqonic.design/themes/bizbag-html/css/mega_menu.min.css]
[iqonic.design/themes/bizbag-html/css/menu_menu_reset.min.css]
[iqonic.design/themes/bizbag-html/css/owl.carousel.min.css]
[iqonic.design/themes/bizbag-html/css/magnific-popup.css]
[iqonic.design/themes/bizbag-html/css/ionicons.min.css]
[iqonic.design/themes/bizbag-html/css/flaticon.css]
[iqonic.design/themes/bizbag-html/css/typography.css]
[iqonic.design/themes/bizbag-html/css/style.css]
[iqonic.design/themes/bizbag-html/css/responsive.css]
[iqonic.design/themes/bizbag-html/revsilder/assets/p3.jpg]
[iqonic.design/themes/bizbag-html/revsilder/assets/p2.jpg]
[iqonic.design/themes/bizbag-html/revsilder/assets/03.png]
[iqonic.design/themes/bizbag-html/revsilder/assets/04-6.png]
[iqonic.design/themes/bizbag-html/revsilder/assets/06.png]
[iqonic.design/themes/bizbag-html/revsilder/assets/05-6.png]
[iqonic.design/themes/bizbag-html/revsilder/assets/banner-2.png]
[iqonic.design/themes/bizbag-html/images/features/04.png]
[iqonic.design/themes/bizbag-html/images/choose-us/01.jpg]
[iqonic.design/themes/bizbag-html/images/project/02.png]
[iqonic.design/cdn-cgi/scripts/5c5dd728/cloudflare-static/email-decode.min.js]
[iqonic.design/themes/bizbag-html/revsilder/js/jquery.themepunch.enablelog.js]
[iqonic.design/themes/bizbag-html/home-2.html]
[iqonic.design/themes/bizbag-html/revsilder/assets/bg.png]
[iqonic.design/themes/bizbag-html/revsilder/assets/24.png]
[iqonic.design/themes/bizbag-html/revsilder/assets/22.png]
[iqonic.design/themes/bizbag-html/revsilder/assets/20.png]
[iqonic.design/themes/bizbag-html/revsilder/assets/19.png]
[iqonic.design/themes/bizbag-html/revsilder/assets/banner-3.png]
[iqonic.design/themes/bizbag-html/images/clients/1.png]
[iqonic.design/themes/bizbag-html/images/clients/2.png]
[iqonic.design/themes/bizbag-html/images/clients/3.png]
[iqonic.design/themes/bizbag-html/images/clients/4.png]
[iqonic.design/themes/bizbag-html/images/clients/5.png]
[iqonic.design/themes/bizbag-html/images/clients/6.png]
[iqonic.design/themes/bizbag-html/images/clients/7.png]
[iqonic.design/themes/bizbag-html/images/clients/8.png]
[iqonic.design/themes/bizbag-html/images/services/01.png]
[iqonic.design/themes/bizbag-html/images/services/02.png]
[iqonic.design/themes/bizbag-html/images/services/03.png]
[iqonic.design/themes/bizbag-html/images/bg/02.png]
[iqonic.design/themes/bizbag-html/images/bg/03.png]
[iqonic.design/themes/bizbag-html/images/services/04.png]
[iqonic.design/themes/bizbag-html/images/services/05.png]
[iqonic.design/themes/bizbag-html/images/services/06.png]
[iqonic.design/themes/bizbag-html/images/about/04.png]
[iqonic.design/themes/bizbag-html/images/about/06.png]
[iqonic.design/themes/bizbag-html/images/about/05.png]
[iqonic.design/themes/bizbag-html/images/about/07.png]
[iqonic.design/themes/bizbag-html/images/screenshots/01.jpg]
[iqonic.design/themes/bizbag-html/images/screenshots/02.jpg]
[iqonic.design/themes/bizbag-html/images/screenshots/03.jpg]
[iqonic.design/themes/bizbag-html/home-3.html]
[iqonic.design/themes/bizbag-html/revsilder/assets/07-1.png]
[iqonic.design/themes/bizbag-html/revsilder/assets/01-4.png]
[iqonic.design/themes/bizbag-html/revsilder/assets/03-4.png]
[iqonic.design/themes/bizbag-html/revsilder/assets/02-4.png]
[iqonic.design/themes/bizbag-html/revsilder/assets/05-4.png]
[iqonic.design/themes/bizbag-html/revsilder/assets/04-4.png]
[iqonic.design/themes/bizbag-html/revsilder/assets/06-1.png]
[iqonic.design/themes/bizbag-html/revsilder/assets/07-2.png]
[iqonic.design/themes/bizbag-html/revsilder/assets/01-2.png]
[iqonic.design/themes/bizbag-html/revsilder/assets/05-3.png]
[iqonic.design/themes/bizbag-html/revsilder/assets/04-2.png]
[iqonic.design/themes/bizbag-html/revsilder/assets/03-2.png]
[iqonic.design/themes/bizbag-html/revsilder/assets/02-6.png]
[iqonic.design/themes/bizbag-html/revsilder/assets/06-2.png]
[iqonic.design/themes/bizbag-html/images/about/08.png]
[iqonic.design/themes/bizbag-html/images/choose-us/02.png]
[iqonic.design/themes/bizbag-html/images/logo-white.png]
[iqonic.design/themes/bizbag-html/home-4.html]
[iqonic.design/themes/bizbag-html/revsilder/assets/Untitled-4.png]
[iqonic.design/themes/bizbag-html/revsilder/assets/04-5.png]
[iqonic.design/themes/bizbag-html/revsilder/assets/03-5.png]
[iqonic.design/themes/bizbag-html/revsilder/assets/02-5.png]
[iqonic.design/themes/bizbag-html/revsilder/assets/01.png]
[iqonic.design/themes/bizbag-html/revsilder/assets/07.png]
[iqonic.design/themes/bizbag-html/revsilder/assets/08.png]
[iqonic.design/themes/bizbag-html/revsilder/assets/05-5.png]
[iqonic.design/themes/bizbag-html/revsilder/assets/09.png]
[iqonic.design/themes/bizbag-html/revsilder/assets/10.png]
[iqonic.design/themes/bizbag-html/revsilder/assets/05-2.png]
[iqonic.design/themes/bizbag-html/revsilder/assets/01-5.png]
[iqonic.design/themes/bizbag-html/revsilder/assets/02-7.png]
[iqonic.design/themes/bizbag-html/revsilder/assets/03-3.png]
[iqonic.design/themes/bizbag-html/revsilder/assets/04-3.png]
[iqonic.design/themes/bizbag-html/images/services/07.png]
[iqonic.design/themes/bizbag-html/images/services/08.png]
[iqonic.design/themes/bizbag-html/images/bg/01.jpg]
[iqonic.design/themes/bizbag-html/home-5.html]
[iqonic.design/themes/bizbag-html/images/about/02.png]
[iqonic.design/themes/bizbag-html/images/clients/01.png]
[iqonic.design/themes/bizbag-html/images/clients/02.png]
[iqonic.design/themes/bizbag-html/images/clients/03.png]
[iqonic.design/themes/bizbag-html/images/clients/04.png]
[iqonic.design/themes/bizbag-html/images/clients/05.png]
[iqonic.design/themes/bizbag-html/images/clients/06.png]
[iqonic.design/themes/bizbag-html/images/clients/07.png]
[iqonic.design/themes/bizbag-html/images/clients/08.png]
[iqonic.design/themes/bizbag-html/about-us-1.html]
[iqonic.design/themes/bizbag-html/images/about/03.png]
[iqonic.design/themes/bizbag-html/images/clients/white/01.png]
[iqonic.design/themes/bizbag-html/images/clients/white/02.png]
[iqonic.design/themes/bizbag-html/images/clients/white/03.png]
[iqonic.design/themes/bizbag-html/images/clients/white/04.png]
[iqonic.design/themes/bizbag-html/images/clients/white/05.png]
[iqonic.design/themes/bizbag-html/images/clients/white/06.png]
[iqonic.design/themes/bizbag-html/images/clients/white/07.png]
[iqonic.design/themes/bizbag-html/images/clients/white/08.png]
[iqonic.design/themes/bizbag-html/images/clients/white/09.png]
[iqonic.design/themes/bizbag-html/images/clients/white/10.png]
[iqonic.design/themes/bizbag-html/about-us-2.html]
[iqonic.design/themes/bizbag-html/our-services-1.html]
[iqonic.design/themes/bizbag-html/our-services-2.html]
[iqonic.design/themes/bizbag-html/our-services-3.html]
[iqonic.design/themes/bizbag-html/our-team-1.html]
[iqonic.design/themes/bizbag-html/our-team-2.html]
[iqonic.design/themes/bizbag-html/images/choose-us/03.png]
[iqonic.design/themes/bizbag-html/our-team-3.html]
[iqonic.design/themes/bizbag-html/images/team/05.png]
[iqonic.design/themes/bizbag-html/images/team/06.png]
[iqonic.design/themes/bizbag-html/team-details.html]
[iqonic.design/themes/bizbag-html/images/about/09.png]
[iqonic.design/themes/bizbag-html/pricing-plan-1.html]
[iqonic.design/themes/bizbag-html/pricing-plan-2.html]
[iqonic.design/themes/bizbag-html/images/blog/01.png]
[iqonic.design/themes/bizbag-html/clients-1.html]
[iqonic.design/themes/bizbag-html/clients-2.html]
[iqonic.design/themes/bizbag-html/images/faq.png]
[iqonic.design/themes/bizbag-html/faq-1.html]
[iqonic.design/themes/bizbag-html/faq-2.html]
[iqonic.design/themes/bizbag-html/images/404.png]
[iqonic.design/themes/bizbag-html/404-1.html]
[iqonic.design/themes/bizbag-html/images/404-2.png]
[iqonic.design/themes/bizbag-html/404-2.html]
[iqonic.design/themes/bizbag-html/coming-soon-1.html]
[iqonic.design/themes/bizbag-html/images/portfolio/masonry/01.png]
[iqonic.design/themes/bizbag-html/masonry-2-columns.html]
[iqonic.design/themes/bizbag-html/masonry-3-columns.html]
[iqonic.design/themes/bizbag-html/masonry-4-columns.html]
[iqonic.design/themes/bizbag-html/masonry-5-columns.html]
[iqonic.design/themes/bizbag-html/masonry-no-space.html]
[iqonic.design/themes/bizbag-html/one-column-blog.html]
[iqonic.design/themes/bizbag-html/two-column-blog.html]
[iqonic.design/themes/bizbag-html/three-column-blog.html]
[iqonic.design/themes/bizbag-html/left-sidebar-blog.html]
[iqonic.design/themes/bizbag-html/right-sidebar-blog.html]
[iqonic.design/themes/bizbag-html/contact-us-1.html]
[iqonic.design/themes/bizbag-html/images/contact-us/02.png]
[iqonic.design/themes/bizbag-html/contact-us-2.html]
[iqonic.design/themes/bizbag-html/portfolio-details.html]
[iqonic.design/themes/bizbag-html/images/blog/02.png]
[iqonic.design/themes/bizbag-html/images/blog/03.png]
[iqonic.design/themes/bizbag-html/images/blog/04.png]
[iqonic.design/themes/bizbag-html/blog-details.html]
[iqonic.design/themes/bizbag-html/revsilder/fonts/revicons/revicons90c6.svg]
[iqonic.design/themes/bizbag-html/revsilder/css/openhand.html]
[iqonic.design/themes/bizbag-html/revsilder/css/closedhand.html]
[iqonic.design/themes/bizbag-html/revsilder/assets/gridtile.html]
[iqonic.design/themes/bizbag-html/revsilder/assets/gridtile_white.html]
[iqonic.design/themes/bizbag-html/revsilder/assets/gridtile_3x3.html]
[iqonic.design/themes/bizbag-html/revsilder/assets/gridtile_3x3_white.html]
[iqonic.design/themes/bizbag-html/revsilder/assets/coloredbg.html]
[iqonic.design/themes/bizbag-html/fonts/fa-brands-400.eot]
[iqonic.design/themes/bizbag-html/fonts/fa-brands-400d41d.eot]
[iqonic.design/themes/bizbag-html/fonts/fa-brands-400.woff]
[iqonic.design/themes/bizbag-html/fonts/fa-brands-400.ttf]
[iqonic.design/themes/bizbag-html/fonts/fa-brands-400.svg]
[iqonic.design/themes/bizbag-html/fonts/fa-regular-400.eot]
[iqonic.design/themes/bizbag-html/fonts/fa-regular-400d41d.eot]
[iqonic.design/themes/bizbag-html/fonts/fa-regular-400.woff]
[iqonic.design/themes/bizbag-html/fonts/fa-regular-400.ttf]
[iqonic.design/themes/bizbag-html/fonts/fa-regular-400.svg]
[iqonic.design/themes/bizbag-html/fonts/fa-solid-900.eot]
[iqonic.design/themes/bizbag-html/fonts/fa-solid-900d41d.eot]
[iqonic.design/themes/bizbag-html/fonts/fa-solid-900.woff]
[iqonic.design/themes/bizbag-html/fonts/fa-solid-900.ttf]
[iqonic.design/themes/bizbag-html/css/all.min.css]
[iqonic.design/themes/bizbag-html/css/mega_menu.min.css]
[iqonic.design/themes/bizbag-html/css/menu_menu_reset.min.css]
[iqonic.design/themes/bizbag-html/fonts/fa-solid-900.svg]
[iqonic.design/themes/bizbag-html/css/owl.carousel.min.css]
[iqonic.design/themes/bizbag-html/css/magnific-popup.css]
[iqonic.design/themes/bizbag-html/css/owl.video.play.html]
[iqonic.design/themes/bizbag-html/fonts/ionicons28b5.eot]
[iqonic.design/themes/bizbag-html/fonts/ionicons28b5.ttf]
[iqonic.design/themes/bizbag-html/fonts/ionicons28b5.woff]
[iqonic.design/themes/bizbag-html/css/ionicons.min.css]
[iqonic.design/themes/bizbag-html/fonts/ionicons28b5.svg]
[iqonic.design/themes/bizbag-html/fonts/Flaticon.eot]
[iqonic.design/themes/bizbag-html/fonts/Flaticond41d.eot]
[iqonic.design/themes/bizbag-html/fonts/Flaticon.woff]
[iqonic.design/themes/bizbag-html/fonts/Flaticon.ttf]
[iqonic.design/themes/bizbag-html/css/flaticon.css]
[iqonic.design/themes/bizbag-html/fonts/fa-brands-400.html]
[iqonic.design/themes/bizbag-html/fonts/fa-brands-400.svg]
[iqonic.design/themes/bizbag-html/fonts/fa-regular-400.html]
[iqonic.design/themes/bizbag-html/fonts/fa-regular-400.svg]
[iqonic.design/themes/bizbag-html/fonts/fa-solid-900.html]
[iqonic.design/themes/bizbag-html/fonts/Flaticon.svg]
[iqonic.design/themes/bizbag-html/fonts/fa-solid-900.svg]
[iqonic.design/themes/bizbag-html/css/owl.video.play.html]
[iqonic.design/themes/bizbag-html/fonts/ionicons28b5.svg]
[iqonic.design/themes/bizbag-html/fonts/Flaticon.html]
[iqonic.design/themes/bizbag-html/fonts/Flaticon.svg]
[iqonicthemes.com/wp-themes/bizbag_wp/demo-3/wp-content/uploads/sites/3/2019/05/15.html]
[iqonicthemes.com/wp-themes/bizbag_wp/demo-3/wp-content/uploads/sites/3/2019/05/14.html]
[iqonicthemes.com/wp-themes/bizbag_wp/demo-3/wp-content/uploads/sites/3/2019/05/13.html]
